Archive member included because of file (symbol)

../neos2test_bsp/\libhal_bsp.a(alt_load.o)
                              ../neos2test_bsp//obj/HAL/src/crt0.o (alt_load)
../neos2test_bsp/\libhal_bsp.a(alt_main.o)
                              ../neos2test_bsp//obj/HAL/src/crt0.o (alt_main)
../neos2test_bsp/\libhal_bsp.a(alt_putstr.o)
                              obj/default/hello_world_small.o (alt_putstr)
../neos2test_bsp/\libhal_bsp.a(alt_usleep.o)
                              obj/default/hello_world_small.o (usleep)
../neos2test_bsp/\libhal_bsp.a(alt_sys_init.o)
                              ../neos2test_bsp/\libhal_bsp.a(alt_main.o) (alt_irq_init)
../neos2test_bsp/\libhal_bsp.a(altera_avalon_jtag_uart_write.o)
                              ../neos2test_bsp/\libhal_bsp.a(alt_putstr.o) (altera_avalon_jtag_uart_write)
../neos2test_bsp/\libhal_bsp.a(alt_busy_sleep.o)
                              ../neos2test_bsp/\libhal_bsp.a(alt_usleep.o) (alt_busy_sleep)
../neos2test_bsp/\libhal_bsp.a(alt_dcache_flush_all.o)
                              ../neos2test_bsp/\libhal_bsp.a(alt_load.o) (alt_dcache_flush_all)
../neos2test_bsp/\libhal_bsp.a(alt_icache_flush_all.o)
                              ../neos2test_bsp/\libhal_bsp.a(alt_load.o) (alt_icache_flush_all)
../neos2test_bsp/\libhal_bsp.a(altera_nios2_qsys_irq.o)
                              ../neos2test_bsp/\libhal_bsp.a(alt_sys_init.o) (altera_nios2_qsys_irq_init)
c:/altera/13.1/nios2eds/bin/gnu/h-i686-mingw32/bin/../lib/gcc/nios2-elf/4.7.3/../../../../../H-i686-mingw32/nios2-elf/lib/mno-hw-mul\libsmallc.a(lib_a-strlen.o)
                              ../neos2test_bsp/\libhal_bsp.a(alt_putstr.o) (strlen)
c:/altera/13.1/nios2eds/bin/gnu/h-i686-mingw32/bin/../lib/gcc/nios2-elf/4.7.3/mno-hw-mul\libgcc.a(lib2-divmod.o)
                              ../neos2test_bsp/\libhal_bsp.a(alt_busy_sleep.o) (__udivsi3)
c:/altera/13.1/nios2eds/bin/gnu/h-i686-mingw32/bin/../lib/gcc/nios2-elf/4.7.3/mno-hw-mul\libgcc.a(lib2-mul.o)
                              ../neos2test_bsp/\libhal_bsp.a(alt_busy_sleep.o) (__mulsi3)

Memory Configuration

Name             Origin             Length             Attributes
reset            0x00008000         0x00000020
onchip_memory2_0 0x00008020         0x00007fe0
*default*        0x00000000         0xffffffff

Linker script and memory map

LOAD ../neos2test_bsp//obj/HAL/src/crt0.o
LOAD obj/default/hello_world_small.o
LOAD c:/altera/13.1/nios2eds/bin/gnu/h-i686-mingw32/bin/../lib/gcc/nios2-elf/4.7.3/../../../../../H-i686-mingw32/nios2-elf/lib/mno-hw-mul\libstdc++.a
LOAD c:/altera/13.1/nios2eds/bin/gnu/h-i686-mingw32/bin/../lib/gcc/nios2-elf/4.7.3/../../../../../H-i686-mingw32/nios2-elf/lib/mno-hw-mul\libm.a
LOAD c:/altera/13.1/nios2eds/bin/gnu/h-i686-mingw32/bin/../lib/gcc/nios2-elf/4.7.3/mno-hw-mul\libgcc.a
START GROUP
LOAD c:/altera/13.1/nios2eds/bin/gnu/h-i686-mingw32/bin/../lib/gcc/nios2-elf/4.7.3/../../../../../H-i686-mingw32/nios2-elf/lib/mno-hw-mul\libsmallc.a
LOAD c:/altera/13.1/nios2eds/bin/gnu/h-i686-mingw32/bin/../lib/gcc/nios2-elf/4.7.3/mno-hw-mul\libgcc.a
LOAD ../neos2test_bsp/\libhal_bsp.a
END GROUP
LOAD c:/altera/13.1/nios2eds/bin/gnu/h-i686-mingw32/bin/../lib/gcc/nios2-elf/4.7.3/mno-hw-mul\libgcc.a
                0x00008000                __alt_mem_onchip_memory2_0 = 0x8000

.entry          0x00008000       0x20
 *(.entry)
 .entry         0x00008000       0x20 ../neos2test_bsp//obj/HAL/src/crt0.o
                0x00008000                __reset
                0x0000800c                _exit

.exceptions     0x00008020        0x0
                0x00008020                PROVIDE (__ram_exceptions_start, ABSOLUTE (.))
                0x00008020                . = ALIGN (0x20)
 *(.irq)
 *(.exceptions.entry.label)
 *(.exceptions.entry.user)
 *(.exceptions.entry.ecc_fatal)
 *(.exceptions.entry)
 *(.exceptions.irqtest.user)
 *(.exceptions.irqtest)
 *(.exceptions.irqhandler.user)
 *(.exceptions.irqhandler)
 *(.exceptions.irqreturn.user)
 *(.exceptions.irqreturn)
 *(.exceptions.notirq.label)
 *(.exceptions.notirq.user)
 *(.exceptions.notirq)
 *(.exceptions.soft.user)
 *(.exceptions.soft)
 *(.exceptions.unknown.user)
 *(.exceptions.unknown)
 *(.exceptions.exit.label)
 *(.exceptions.exit.user)
 *(.exceptions.exit)
 *(.exceptions)
                0x00008020                PROVIDE (__ram_exceptions_end, ABSOLUTE (.))
                0x00008020                PROVIDE (__flash_exceptions_start, LOADADDR (.exceptions))

.text           0x00008020      0x480
                0x00008020                PROVIDE (stext, ABSOLUTE (.))
 *(.interp)
 *(.hash)
 *(.dynsym)
 *(.dynstr)
 *(.gnu.version)
 *(.gnu.version_d)
 *(.gnu.version_r)
 *(.rel.init)
 *(.rela.init)
 *(.rel.text .rel.text.* .rel.gnu.linkonce.t.*)
 *(.rela.text .rela.text.* .rela.gnu.linkonce.t.*)
 *(.rel.fini)
 *(.rela.fini)
 *(.rel.rodata .rel.rodata.* .rel.gnu.linkonce.r.*)
 *(.rela.rodata .rela.rodata.* .rela.gnu.linkonce.r.*)
 *(.rel.data .rel.data.* .rel.gnu.linkonce.d.*)
 *(.rela.data .rela.data.* .rela.gnu.linkonce.d.*)
 *(.rel.tdata .rel.tdata.* .rel.gnu.linkonce.td.*)
 *(.rela.tdata .rela.tdata.* .rela.gnu.linkonce.td.*)
 *(.rel.tbss .rel.tbss.* .rel.gnu.linkonce.tb.*)
 *(.rela.tbss .rela.tbss.* .rela.gnu.linkonce.tb.*)
 *(.rel.ctors)
 *(.rela.ctors)
 *(.rel.dtors)
 *(.rela.dtors)
 *(.rel.got)
 *(.rela.got)
 *(.rel.sdata .rel.sdata.* .rel.gnu.linkonce.s.*)
 *(.rela.sdata .rela.sdata.* .rela.gnu.linkonce.s.*)
 *(.rel.sbss .rel.sbss.* .rel.gnu.linkonce.sb.*)
 *(.rela.sbss .rela.sbss.* .rela.gnu.linkonce.sb.*)
 *(.rel.sdata2 .rel.sdata2.* .rel.gnu.linkonce.s2.*)
 *(.rela.sdata2 .rela.sdata2.* .rela.gnu.linkonce.s2.*)
 *(.rel.sbss2 .rel.sbss2.* .rel.gnu.linkonce.sb2.*)
 *(.rela.sbss2 .rela.sbss2.* .rela.gnu.linkonce.sb2.*)
 *(.rel.bss .rel.bss.* .rel.gnu.linkonce.b.*)
 *(.rela.bss .rela.bss.* .rela.gnu.linkonce.b.*)
 *(.rel.plt)
 *(.rela.plt)
 *(.rel.dyn)
 *(.init)
 *(.plt)
 *(.text .stub .text.* .gnu.linkonce.t.*)
 .text          0x00008020       0x3c ../neos2test_bsp//obj/HAL/src/crt0.o
                0x00008020                _start
 .text          0x0000805c        0x0 obj/default/hello_world_small.o
 .text.startup  0x0000805c       0x68 obj/default/hello_world_small.o
                0x0000805c                main
 .text          0x000080c4      0x104 ../neos2test_bsp/\libhal_bsp.a(alt_load.o)
                0x000080c4                alt_load
 .text          0x000081c8       0x2c ../neos2test_bsp/\libhal_bsp.a(alt_main.o)
                0x000081c8                alt_main
 .text          0x000081f4       0x38 ../neos2test_bsp/\libhal_bsp.a(alt_putstr.o)
                0x000081f4                alt_putstr
 .text          0x0000822c        0x4 ../neos2test_bsp/\libhal_bsp.a(alt_usleep.o)
                0x0000822c                usleep
 .text          0x00008230       0x24 ../neos2test_bsp/\libhal_bsp.a(alt_sys_init.o)
                0x00008230                alt_irq_init
                0x00008250                alt_sys_init
 .text          0x00008254       0x34 ../neos2test_bsp/\libhal_bsp.a(altera_avalon_jtag_uart_write.o)
                0x00008254                altera_avalon_jtag_uart_write
 .text          0x00008288       0x88 ../neos2test_bsp/\libhal_bsp.a(alt_busy_sleep.o)
                0x00008288                alt_busy_sleep
 .text          0x00008310        0x4 ../neos2test_bsp/\libhal_bsp.a(alt_dcache_flush_all.o)
                0x00008310                alt_dcache_flush_all
 .text          0x00008314        0x4 ../neos2test_bsp/\libhal_bsp.a(alt_icache_flush_all.o)
                0x00008314                alt_icache_flush_all
 .text          0x00008318        0x8 ../neos2test_bsp/\libhal_bsp.a(altera_nios2_qsys_irq.o)
                0x00008318                altera_nios2_qsys_irq_init
 .text          0x00008320       0x28 c:/altera/13.1/nios2eds/bin/gnu/h-i686-mingw32/bin/../lib/gcc/nios2-elf/4.7.3/../../../../../H-i686-mingw32/nios2-elf/lib/mno-hw-mul\libsmallc.a(lib_a-strlen.o)
                0x00008320                strlen
 .text          0x00008348      0x130 c:/altera/13.1/nios2eds/bin/gnu/h-i686-mingw32/bin/../lib/gcc/nios2-elf/4.7.3/mno-hw-mul\libgcc.a(lib2-divmod.o)
                0x000083bc                __divsi3
                0x0000840c                __modsi3
                0x00008468                __udivsi3
                0x00008470                __umodsi3
 .text          0x00008478       0x28 c:/altera/13.1/nios2eds/bin/gnu/h-i686-mingw32/bin/../lib/gcc/nios2-elf/4.7.3/mno-hw-mul\libgcc.a(lib2-mul.o)
                0x00008478                __mulsi3
 *(.gnu.warning.*)
 *(.fini)
                0x000084a0                PROVIDE (__etext, ABSOLUTE (.))
                0x000084a0                PROVIDE (_etext, ABSOLUTE (.))
                0x000084a0                PROVIDE (etext, ABSOLUTE (.))
 *(.eh_frame_hdr)
                0x000084a0                . = ALIGN (0x4)
                0x000084a0                PROVIDE (__preinit_array_start, ABSOLUTE (.))
 *(.preinit_array)
                0x000084a0                PROVIDE (__preinit_array_end, ABSOLUTE (.))
                0x000084a0                PROVIDE (__init_array_start, ABSOLUTE (.))
 *(.init_array)
                0x000084a0                PROVIDE (__init_array_end, ABSOLUTE (.))
                0x000084a0                PROVIDE (__fini_array_start, ABSOLUTE (.))
 *(.fini_array)
                0x000084a0                PROVIDE (__fini_array_end, ABSOLUTE (.))
 *(.eh_frame)
 *(.gcc_except_table .gcc_except_table.*)
 *(.dynamic)
                0x000084a0                PROVIDE (__CTOR_LIST__, ABSOLUTE (.))
 *(.ctors)
 *(SORT(.ctors.*))
                0x000084a0                PROVIDE (__CTOR_END__, ABSOLUTE (.))
                0x000084a0                PROVIDE (__DTOR_LIST__, ABSOLUTE (.))
 *(.dtors)
 *(SORT(.dtors.*))
                0x000084a0                PROVIDE (__DTOR_END__, ABSOLUTE (.))
 *(.jcr)
                0x000084a0                . = ALIGN (0x4)

.rodata         0x000084a0       0x18
                0x000084a0                PROVIDE (__ram_rodata_start, ABSOLUTE (.))
                0x000084a0                . = ALIGN (0x4)
 *(.rodata .rodata.* .gnu.linkonce.r.*)
 .rodata.str1.4
                0x000084a0       0x18 obj/default/hello_world_small.o
 *(.rodata1)
                0x000084b8                . = ALIGN (0x4)
                0x000084b8                PROVIDE (__ram_rodata_end, ABSOLUTE (.))
                0x000084a0                PROVIDE (__flash_rodata_start, LOADADDR (.rodata))

.rwdata         0x000084b8        0x0
                0x000084b8                PROVIDE (__ram_rwdata_start, ABSOLUTE (.))
                0x000084b8                . = ALIGN (0x4)
 *(.got.plt)
 *(.got)
 *(.data1)
 *(.data .data.* .gnu.linkonce.d.*)
 .data          0x000084b8        0x0 ../neos2test_bsp//obj/HAL/src/crt0.o
 .data          0x000084b8        0x0 obj/default/hello_world_small.o
 .data          0x000084b8        0x0 ../neos2test_bsp/\libhal_bsp.a(alt_load.o)
 .data          0x000084b8        0x0 ../neos2test_bsp/\libhal_bsp.a(alt_main.o)
 .data          0x000084b8        0x0 ../neos2test_bsp/\libhal_bsp.a(alt_putstr.o)
 .data          0x000084b8        0x0 ../neos2test_bsp/\libhal_bsp.a(alt_usleep.o)
 .data          0x000084b8        0x0 ../neos2test_bsp/\libhal_bsp.a(alt_sys_init.o)
 .data          0x000084b8        0x0 ../neos2test_bsp/\libhal_bsp.a(altera_avalon_jtag_uart_write.o)
 .data          0x000084b8        0x0 ../neos2test_bsp/\libhal_bsp.a(alt_busy_sleep.o)
 .data          0x000084b8        0x0 ../neos2test_bsp/\libhal_bsp.a(alt_dcache_flush_all.o)
 .data          0x000084b8        0x0 ../neos2test_bsp/\libhal_bsp.a(alt_icache_flush_all.o)
 .data          0x000084b8        0x0 ../neos2test_bsp/\libhal_bsp.a(altera_nios2_qsys_irq.o)
 .data          0x000084b8        0x0 c:/altera/13.1/nios2eds/bin/gnu/h-i686-mingw32/bin/../lib/gcc/nios2-elf/4.7.3/../../../../../H-i686-mingw32/nios2-elf/lib/mno-hw-mul\libsmallc.a(lib_a-strlen.o)
 .data          0x000084b8        0x0 c:/altera/13.1/nios2eds/bin/gnu/h-i686-mingw32/bin/../lib/gcc/nios2-elf/4.7.3/mno-hw-mul\libgcc.a(lib2-divmod.o)
 .data          0x000084b8        0x0 c:/altera/13.1/nios2eds/bin/gnu/h-i686-mingw32/bin/../lib/gcc/nios2-elf/4.7.3/mno-hw-mul\libgcc.a(lib2-mul.o)
                0x000104b8                _gp = ABSOLUTE ((. + 0x8000))
                0x000104b8                PROVIDE (gp, _gp)
 *(.rwdata .rwdata.*)
 *(.sdata .sdata.* .gnu.linkonce.s.*)
 *(.sdata2 .sdata2.* .gnu.linkonce.s2.*)
                0x000084b8                . = ALIGN (0x4)
                0x000084b8                _edata = ABSOLUTE (.)
                0x000084b8                PROVIDE (edata, ABSOLUTE (.))
                0x000084b8                PROVIDE (__ram_rwdata_end, ABSOLUTE (.))
                0x000084b8                PROVIDE (__flash_rwdata_start, LOADADDR (.rwdata))

.bss            0x000084b8       0x10
                0x000084b8                __bss_start = ABSOLUTE (.)
                0x000084b8                PROVIDE (__sbss_start, ABSOLUTE (.))
                0x000084b8                PROVIDE (___sbss_start, ABSOLUTE (.))
 *(.dynsbss)
 *(.sbss .sbss.* .gnu.linkonce.sb.*)
 .sbss          0x000084b8        0xc ../neos2test_bsp/\libhal_bsp.a(alt_main.o)
                0x000084b8                alt_envp
                0x000084bc                alt_argv
                0x000084c0                alt_argc
 .sbss          0x000084c4        0x4 ../neos2test_bsp/\libhal_bsp.a(alt_sys_init.o)
                0x000084c4                jtag_uart_0
 *(.sbss2 .sbss2.* .gnu.linkonce.sb2.*)
 *(.scommon)
                0x000084c8                PROVIDE (__sbss_end, ABSOLUTE (.))
                0x000084c8                PROVIDE (___sbss_end, ABSOLUTE (.))
 *(.dynbss)
 *(.bss .bss.* .gnu.linkonce.b.*)
 .bss           0x000084c8        0x0 ../neos2test_bsp//obj/HAL/src/crt0.o
 .bss           0x000084c8        0x0 obj/default/hello_world_small.o
 .bss           0x000084c8        0x0 ../neos2test_bsp/\libhal_bsp.a(alt_load.o)
 .bss           0x000084c8        0x0 ../neos2test_bsp/\libhal_bsp.a(alt_main.o)
 .bss           0x000084c8        0x0 ../neos2test_bsp/\libhal_bsp.a(alt_putstr.o)
 .bss           0x000084c8        0x0 ../neos2test_bsp/\libhal_bsp.a(alt_usleep.o)
 .bss           0x000084c8        0x0 ../neos2test_bsp/\libhal_bsp.a(alt_sys_init.o)
 .bss           0x000084c8        0x0 ../neos2test_bsp/\libhal_bsp.a(altera_avalon_jtag_uart_write.o)
 .bss           0x000084c8        0x0 ../neos2test_bsp/\libhal_bsp.a(alt_busy_sleep.o)
 .bss           0x000084c8        0x0 ../neos2test_bsp/\libhal_bsp.a(alt_dcache_flush_all.o)
 .bss           0x000084c8        0x0 ../neos2test_bsp/\libhal_bsp.a(alt_icache_flush_all.o)
 .bss           0x000084c8        0x0 ../neos2test_bsp/\libhal_bsp.a(altera_nios2_qsys_irq.o)
 .bss           0x000084c8        0x0 c:/altera/13.1/nios2eds/bin/gnu/h-i686-mingw32/bin/../lib/gcc/nios2-elf/4.7.3/../../../../../H-i686-mingw32/nios2-elf/lib/mno-hw-mul\libsmallc.a(lib_a-strlen.o)
 .bss           0x000084c8        0x0 c:/altera/13.1/nios2eds/bin/gnu/h-i686-mingw32/bin/../lib/gcc/nios2-elf/4.7.3/mno-hw-mul\libgcc.a(lib2-divmod.o)
 .bss           0x000084c8        0x0 c:/altera/13.1/nios2eds/bin/gnu/h-i686-mingw32/bin/../lib/gcc/nios2-elf/4.7.3/mno-hw-mul\libgcc.a(lib2-mul.o)
 *(COMMON)
                0x000084c8                . = ALIGN (0x4)
                0x000084c8                __bss_end = ABSOLUTE (.)

.onchip_memory2_0
                0x000084c8        0x0
                0x000084c8                PROVIDE (_alt_partition_onchip_memory2_0_start, ABSOLUTE (.))
 *(.onchip_memory2_0 .onchip_memory2_0. onchip_memory2_0.*)
                0x000084c8                . = ALIGN (0x4)
                0x000084c8                PROVIDE (_alt_partition_onchip_memory2_0_end, ABSOLUTE (.))
                0x000084c8                _end = ABSOLUTE (.)
                0x000084c8                end = ABSOLUTE (.)
                0x000084c8                __alt_stack_base = ABSOLUTE (.)
                0x000084c8                PROVIDE (_alt_partition_onchip_memory2_0_load_addr, LOADADDR (.onchip_memory2_0))

.stab
 *(.stab)

.stabstr
 *(.stabstr)

.stab.excl
 *(.stab.excl)

.stab.exclstr
 *(.stab.exclstr)

.stab.index
 *(.stab.index)

.stab.indexstr
 *(.stab.indexstr)

.comment        0x00000000       0x23
 *(.comment)
 .comment       0x00000000       0x23 obj/default/hello_world_small.o
                                 0x24 (size before relaxing)
 .comment       0x00000000       0x24 ../neos2test_bsp/\libhal_bsp.a(alt_load.o)
 .comment       0x00000000       0x24 ../neos2test_bsp/\libhal_bsp.a(alt_main.o)
 .comment       0x00000000       0x24 ../neos2test_bsp/\libhal_bsp.a(alt_putstr.o)
 .comment       0x00000000       0x24 ../neos2test_bsp/\libhal_bsp.a(alt_usleep.o)
 .comment       0x00000000       0x24 ../neos2test_bsp/\libhal_bsp.a(alt_sys_init.o)
 .comment       0x00000000       0x24 ../neos2test_bsp/\libhal_bsp.a(altera_avalon_jtag_uart_write.o)
 .comment       0x00000000       0x24 ../neos2test_bsp/\libhal_bsp.a(alt_busy_sleep.o)
 .comment       0x00000000       0x24 ../neos2test_bsp/\libhal_bsp.a(alt_dcache_flush_all.o)
 .comment       0x00000000       0x24 ../neos2test_bsp/\libhal_bsp.a(alt_icache_flush_all.o)
 .comment       0x00000000       0x24 ../neos2test_bsp/\libhal_bsp.a(altera_nios2_qsys_irq.o)
 .comment       0x00000000       0x24 c:/altera/13.1/nios2eds/bin/gnu/h-i686-mingw32/bin/../lib/gcc/nios2-elf/4.7.3/../../../../../H-i686-mingw32/nios2-elf/lib/mno-hw-mul\libsmallc.a(lib_a-strlen.o)
 .comment       0x00000000       0x24 c:/altera/13.1/nios2eds/bin/gnu/h-i686-mingw32/bin/../lib/gcc/nios2-elf/4.7.3/mno-hw-mul\libgcc.a(lib2-divmod.o)
 .comment       0x00000000       0x24 c:/altera/13.1/nios2eds/bin/gnu/h-i686-mingw32/bin/../lib/gcc/nios2-elf/4.7.3/mno-hw-mul\libgcc.a(lib2-mul.o)

.debug
 *(.debug)

.line
 *(.line)

.debug_srcinfo
 *(.debug_srcinfo)

.debug_sfnames
 *(.debug_sfnames)

.debug_aranges  0x00000000      0x1e8
 *(.debug_aranges)
 .debug_aranges
                0x00000000       0x28 ../neos2test_bsp//obj/HAL/src/crt0.o
 .debug_aranges
                0x00000028       0x20 obj/default/hello_world_small.o
 .debug_aranges
                0x00000048       0x20 ../neos2test_bsp/\libhal_bsp.a(alt_load.o)
 .debug_aranges
                0x00000068       0x20 ../neos2test_bsp/\libhal_bsp.a(alt_main.o)
 .debug_aranges
                0x00000088       0x20 ../neos2test_bsp/\libhal_bsp.a(alt_putstr.o)
 .debug_aranges
                0x000000a8       0x20 ../neos2test_bsp/\libhal_bsp.a(alt_usleep.o)
 .debug_aranges
                0x000000c8       0x20 ../neos2test_bsp/\libhal_bsp.a(alt_sys_init.o)
 .debug_aranges
                0x000000e8       0x20 ../neos2test_bsp/\libhal_bsp.a(altera_avalon_jtag_uart_write.o)
 .debug_aranges
                0x00000108       0x20 ../neos2test_bsp/\libhal_bsp.a(alt_busy_sleep.o)
 .debug_aranges
                0x00000128       0x20 ../neos2test_bsp/\libhal_bsp.a(alt_dcache_flush_all.o)
 .debug_aranges
                0x00000148       0x20 ../neos2test_bsp/\libhal_bsp.a(alt_icache_flush_all.o)
 .debug_aranges
                0x00000168       0x20 ../neos2test_bsp/\libhal_bsp.a(altera_nios2_qsys_irq.o)
 .debug_aranges
                0x00000188       0x20 c:/altera/13.1/nios2eds/bin/gnu/h-i686-mingw32/bin/../lib/gcc/nios2-elf/4.7.3/../../../../../H-i686-mingw32/nios2-elf/lib/mno-hw-mul\libsmallc.a(lib_a-strlen.o)
 .debug_aranges
                0x000001a8       0x20 c:/altera/13.1/nios2eds/bin/gnu/h-i686-mingw32/bin/../lib/gcc/nios2-elf/4.7.3/mno-hw-mul\libgcc.a(lib2-divmod.o)
 .debug_aranges
                0x000001c8       0x20 c:/altera/13.1/nios2eds/bin/gnu/h-i686-mingw32/bin/../lib/gcc/nios2-elf/4.7.3/mno-hw-mul\libgcc.a(lib2-mul.o)

.debug_pubnames
 *(.debug_pubnames)

.debug_info     0x00000000     0x10d6
 *(.debug_info .gnu.linkonce.wi.*)
 .debug_info    0x00000000       0x59 ../neos2test_bsp//obj/HAL/src/crt0.o
 .debug_info    0x00000059      0x12f obj/default/hello_world_small.o
 .debug_info    0x00000188      0x1b5 ../neos2test_bsp/\libhal_bsp.a(alt_load.o)
 .debug_info    0x0000033d      0x194 ../neos2test_bsp/\libhal_bsp.a(alt_main.o)
 .debug_info    0x000004d1      0x171 ../neos2test_bsp/\libhal_bsp.a(alt_putstr.o)
 .debug_info    0x00000642       0xd7 ../neos2test_bsp/\libhal_bsp.a(alt_usleep.o)
 .debug_info    0x00000719      0x193 ../neos2test_bsp/\libhal_bsp.a(alt_sys_init.o)
 .debug_info    0x000008ac      0x1a0 ../neos2test_bsp/\libhal_bsp.a(altera_avalon_jtag_uart_write.o)
 .debug_info    0x00000a4c       0xd6 ../neos2test_bsp/\libhal_bsp.a(alt_busy_sleep.o)
 .debug_info    0x00000b22       0x8f ../neos2test_bsp/\libhal_bsp.a(alt_dcache_flush_all.o)
 .debug_info    0x00000bb1       0x8f ../neos2test_bsp/\libhal_bsp.a(alt_icache_flush_all.o)
 .debug_info    0x00000c40       0x8f ../neos2test_bsp/\libhal_bsp.a(altera_nios2_qsys_irq.o)
 .debug_info    0x00000ccf       0xc6 c:/altera/13.1/nios2eds/bin/gnu/h-i686-mingw32/bin/../lib/gcc/nios2-elf/4.7.3/../../../../../H-i686-mingw32/nios2-elf/lib/mno-hw-mul\libsmallc.a(lib_a-strlen.o)
 .debug_info    0x00000d95      0x289 c:/altera/13.1/nios2eds/bin/gnu/h-i686-mingw32/bin/../lib/gcc/nios2-elf/4.7.3/mno-hw-mul\libgcc.a(lib2-divmod.o)
 .debug_info    0x0000101e       0xb8 c:/altera/13.1/nios2eds/bin/gnu/h-i686-mingw32/bin/../lib/gcc/nios2-elf/4.7.3/mno-hw-mul\libgcc.a(lib2-mul.o)

.debug_abbrev   0x00000000      0x979
 *(.debug_abbrev)
 .debug_abbrev  0x00000000       0x12 ../neos2test_bsp//obj/HAL/src/crt0.o
 .debug_abbrev  0x00000012       0xcc obj/default/hello_world_small.o
 .debug_abbrev  0x000000de       0xd6 ../neos2test_bsp/\libhal_bsp.a(alt_load.o)
 .debug_abbrev  0x000001b4      0x120 ../neos2test_bsp/\libhal_bsp.a(alt_main.o)
 .debug_abbrev  0x000002d4       0xe2 ../neos2test_bsp/\libhal_bsp.a(alt_putstr.o)
 .debug_abbrev  0x000003b6       0x96 ../neos2test_bsp/\libhal_bsp.a(alt_usleep.o)
 .debug_abbrev  0x0000044c      0x105 ../neos2test_bsp/\libhal_bsp.a(alt_sys_init.o)
 .debug_abbrev  0x00000551       0xd5 ../neos2test_bsp/\libhal_bsp.a(altera_avalon_jtag_uart_write.o)
 .debug_abbrev  0x00000626       0x8d ../neos2test_bsp/\libhal_bsp.a(alt_busy_sleep.o)
 .debug_abbrev  0x000006b3       0x42 ../neos2test_bsp/\libhal_bsp.a(alt_dcache_flush_all.o)
 .debug_abbrev  0x000006f5       0x42 ../neos2test_bsp/\libhal_bsp.a(alt_icache_flush_all.o)
 .debug_abbrev  0x00000737       0x42 ../neos2test_bsp/\libhal_bsp.a(altera_nios2_qsys_irq.o)
 .debug_abbrev  0x00000779       0x7f c:/altera/13.1/nios2eds/bin/gnu/h-i686-mingw32/bin/../lib/gcc/nios2-elf/4.7.3/../../../../../H-i686-mingw32/nios2-elf/lib/mno-hw-mul\libsmallc.a(lib_a-strlen.o)
 .debug_abbrev  0x000007f8      0x112 c:/altera/13.1/nios2eds/bin/gnu/h-i686-mingw32/bin/../lib/gcc/nios2-elf/4.7.3/mno-hw-mul\libgcc.a(lib2-divmod.o)
 .debug_abbrev  0x0000090a       0x6f c:/altera/13.1/nios2eds/bin/gnu/h-i686-mingw32/bin/../lib/gcc/nios2-elf/4.7.3/mno-hw-mul\libgcc.a(lib2-mul.o)

.debug_line     0x00000000      0xc01
 *(.debug_line)
 .debug_line    0x00000000       0x66 ../neos2test_bsp//obj/HAL/src/crt0.o
 .debug_line    0x00000066      0x1ac obj/default/hello_world_small.o
 .debug_line    0x00000212       0xd6 ../neos2test_bsp/\libhal_bsp.a(alt_load.o)
 .debug_line    0x000002e8       0xbd ../neos2test_bsp/\libhal_bsp.a(alt_main.o)
 .debug_line    0x000003a5      0x123 ../neos2test_bsp/\libhal_bsp.a(alt_putstr.o)
 .debug_line    0x000004c8       0xf0 ../neos2test_bsp/\libhal_bsp.a(alt_usleep.o)
 .debug_line    0x000005b8      0x101 ../neos2test_bsp/\libhal_bsp.a(alt_sys_init.o)
 .debug_line    0x000006b9       0xf5 ../neos2test_bsp/\libhal_bsp.a(altera_avalon_jtag_uart_write.o)
 .debug_line    0x000007ae       0x9d ../neos2test_bsp/\libhal_bsp.a(alt_busy_sleep.o)
 .debug_line    0x0000084b       0x4e ../neos2test_bsp/\libhal_bsp.a(alt_dcache_flush_all.o)
 .debug_line    0x00000899       0x4e ../neos2test_bsp/\libhal_bsp.a(alt_icache_flush_all.o)
 .debug_line    0x000008e7       0x50 ../neos2test_bsp/\libhal_bsp.a(altera_nios2_qsys_irq.o)
 .debug_line    0x00000937      0x174 c:/altera/13.1/nios2eds/bin/gnu/h-i686-mingw32/bin/../lib/gcc/nios2-elf/4.7.3/../../../../../H-i686-mingw32/nios2-elf/lib/mno-hw-mul\libsmallc.a(lib_a-strlen.o)
 .debug_line    0x00000aab       0xd6 c:/altera/13.1/nios2eds/bin/gnu/h-i686-mingw32/bin/../lib/gcc/nios2-elf/4.7.3/mno-hw-mul\libgcc.a(lib2-divmod.o)
 .debug_line    0x00000b81       0x80 c:/altera/13.1/nios2eds/bin/gnu/h-i686-mingw32/bin/../lib/gcc/nios2-elf/4.7.3/mno-hw-mul\libgcc.a(lib2-mul.o)

.debug_frame    0x00000000      0x258
 *(.debug_frame)
 .debug_frame   0x00000000       0x30 obj/default/hello_world_small.o
 .debug_frame   0x00000030       0x28 ../neos2test_bsp/\libhal_bsp.a(alt_load.o)
 .debug_frame   0x00000058       0x28 ../neos2test_bsp/\libhal_bsp.a(alt_main.o)
 .debug_frame   0x00000080       0x28 ../neos2test_bsp/\libhal_bsp.a(alt_putstr.o)
 .debug_frame   0x000000a8       0x20 ../neos2test_bsp/\libhal_bsp.a(alt_usleep.o)
 .debug_frame   0x000000c8       0x38 ../neos2test_bsp/\libhal_bsp.a(alt_sys_init.o)
 .debug_frame   0x00000100       0x20 ../neos2test_bsp/\libhal_bsp.a(altera_avalon_jtag_uart_write.o)
 .debug_frame   0x00000120       0x28 ../neos2test_bsp/\libhal_bsp.a(alt_busy_sleep.o)
 .debug_frame   0x00000148       0x20 ../neos2test_bsp/\libhal_bsp.a(alt_dcache_flush_all.o)
 .debug_frame   0x00000168       0x20 ../neos2test_bsp/\libhal_bsp.a(alt_icache_flush_all.o)
 .debug_frame   0x00000188       0x20 ../neos2test_bsp/\libhal_bsp.a(altera_nios2_qsys_irq.o)
 .debug_frame   0x000001a8       0x20 c:/altera/13.1/nios2eds/bin/gnu/h-i686-mingw32/bin/../lib/gcc/nios2-elf/4.7.3/../../../../../H-i686-mingw32/nios2-elf/lib/mno-hw-mul\libsmallc.a(lib_a-strlen.o)
 .debug_frame   0x000001c8       0x70 c:/altera/13.1/nios2eds/bin/gnu/h-i686-mingw32/bin/../lib/gcc/nios2-elf/4.7.3/mno-hw-mul\libgcc.a(lib2-divmod.o)
 .debug_frame   0x00000238       0x20 c:/altera/13.1/nios2eds/bin/gnu/h-i686-mingw32/bin/../lib/gcc/nios2-elf/4.7.3/mno-hw-mul\libgcc.a(lib2-mul.o)

.debug_str      0x00000000      0x6a6
 *(.debug_str)
 .debug_str     0x00000000       0xc7 obj/default/hello_world_small.o
                                0x105 (size before relaxing)
 .debug_str     0x000000c7      0x140 ../neos2test_bsp/\libhal_bsp.a(alt_load.o)
                                0x1de (size before relaxing)
 .debug_str     0x00000207       0x8f ../neos2test_bsp/\libhal_bsp.a(alt_main.o)
                                0x157 (size before relaxing)
 .debug_str     0x00000296       0x6d ../neos2test_bsp/\libhal_bsp.a(alt_putstr.o)
                                0x13b (size before relaxing)
 .debug_str     0x00000303       0x24 ../neos2test_bsp/\libhal_bsp.a(alt_usleep.o)
                                 0xf9 (size before relaxing)
 .debug_str     0x00000327       0x86 ../neos2test_bsp/\libhal_bsp.a(alt_sys_init.o)
                                0x1c8 (size before relaxing)
 .debug_str     0x000003ad       0x38 ../neos2test_bsp/\libhal_bsp.a(altera_avalon_jtag_uart_write.o)
                                0x1b7 (size before relaxing)
 .debug_str     0x000003e5       0x33 ../neos2test_bsp/\libhal_bsp.a(alt_busy_sleep.o)
                                0x10d (size before relaxing)
 .debug_str     0x00000418       0x1f ../neos2test_bsp/\libhal_bsp.a(alt_dcache_flush_all.o)
                                 0xf7 (size before relaxing)
 .debug_str     0x00000437       0x1f ../neos2test_bsp/\libhal_bsp.a(alt_icache_flush_all.o)
                                 0xf7 (size before relaxing)
 .debug_str     0x00000456       0x20 ../neos2test_bsp/\libhal_bsp.a(altera_nios2_qsys_irq.o)
                                 0xfe (size before relaxing)
 .debug_str     0x00000476       0xde c:/altera/13.1/nios2eds/bin/gnu/h-i686-mingw32/bin/../lib/gcc/nios2-elf/4.7.3/../../../../../H-i686-mingw32/nios2-elf/lib/mno-hw-mul\libsmallc.a(lib_a-strlen.o)
                                0x190 (size before relaxing)
 .debug_str     0x00000554      0x112 c:/altera/13.1/nios2eds/bin/gnu/h-i686-mingw32/bin/../lib/gcc/nios2-elf/4.7.3/mno-hw-mul\libgcc.a(lib2-divmod.o)
                                0x169 (size before relaxing)
 .debug_str     0x00000666       0x40 c:/altera/13.1/nios2eds/bin/gnu/h-i686-mingw32/bin/../lib/gcc/nios2-elf/4.7.3/mno-hw-mul\libgcc.a(lib2-mul.o)
                                0x12a (size before relaxing)

.debug_loc      0x00000000      0x5fa
 *(.debug_loc)
 .debug_loc     0x00000000       0x20 obj/default/hello_world_small.o
 .debug_loc     0x00000020       0x20 ../neos2test_bsp/\libhal_bsp.a(alt_load.o)
 .debug_loc     0x00000040       0x20 ../neos2test_bsp/\libhal_bsp.a(alt_main.o)
 .debug_loc     0x00000060       0x57 ../neos2test_bsp/\libhal_bsp.a(alt_putstr.o)
 .debug_loc     0x000000b7       0x21 ../neos2test_bsp/\libhal_bsp.a(alt_usleep.o)
 .debug_loc     0x000000d8       0x41 ../neos2test_bsp/\libhal_bsp.a(alt_sys_init.o)
 .debug_loc     0x00000119       0x7e ../neos2test_bsp/\libhal_bsp.a(altera_avalon_jtag_uart_write.o)
 .debug_loc     0x00000197       0x6f ../neos2test_bsp/\libhal_bsp.a(alt_busy_sleep.o)
 .debug_loc     0x00000206       0x29 c:/altera/13.1/nios2eds/bin/gnu/h-i686-mingw32/bin/../lib/gcc/nios2-elf/4.7.3/../../../../../H-i686-mingw32/nios2-elf/lib/mno-hw-mul\libsmallc.a(lib_a-strlen.o)
 .debug_loc     0x0000022f      0x338 c:/altera/13.1/nios2eds/bin/gnu/h-i686-mingw32/bin/../lib/gcc/nios2-elf/4.7.3/mno-hw-mul\libgcc.a(lib2-divmod.o)
 .debug_loc     0x00000567       0x93 c:/altera/13.1/nios2eds/bin/gnu/h-i686-mingw32/bin/../lib/gcc/nios2-elf/4.7.3/mno-hw-mul\libgcc.a(lib2-mul.o)

.debug_macinfo
 *(.debug_macinfo)

.debug_weaknames
 *(.debug_weaknames)

.debug_funcnames
 *(.debug_funcnames)

.debug_typenames
 *(.debug_typenames)

.debug_varnames
 *(.debug_varnames)

.debug_alt_sim_info
                0x00000000       0x40
 *(.debug_alt_sim_info)
 .debug_alt_sim_info
                0x00000000       0x10 ../neos2test_bsp//obj/HAL/src/crt0.o
 .debug_alt_sim_info
                0x00000010       0x30 ../neos2test_bsp/\libhal_bsp.a(alt_busy_sleep.o)
                0x00010000                __alt_data_end = 0x10000
                0x00010000                PROVIDE (__alt_stack_pointer, __alt_data_end)
                0x000084c8                PROVIDE (__alt_stack_limit, __alt_stack_base)
                0x000084c8                PROVIDE (__alt_heap_start, end)
                0x00010000                PROVIDE (__alt_heap_limit, 0x10000)
OUTPUT(neos2test.elf elf32-littlenios2)

.debug_ranges   0x00000000       0x78
 .debug_ranges  0x00000000       0x20 ../neos2test_bsp//obj/HAL/src/crt0.o
 .debug_ranges  0x00000020       0x10 obj/default/hello_world_small.o
 .debug_ranges  0x00000030       0x48 ../neos2test_bsp/\libhal_bsp.a(alt_load.o)
